// Jest Snapshot v1, https://goo.gl/fbAQLP

exports[`StoreInfo component Should match snapshot 1`] = `
<div>
  <div
    class="sc-bczRLJ sc-gsnTZi dWNzKB hzPtvw"
    height="var(--app-height)"
  >
    <img
      alt="Modal Close"
      class="sc-bczRLJ gKoBJV"
      height="20px"
      src="Icon_Mobile_Exit_Flow.svg"
      width="20px"
    />
    <div
      class="sc-bczRLJ sc-gsnTZi AXwHa hzPtvw"
      height="67px"
    >
      <div
        class="sc-bczRLJ jCICIV"
        font-size="1.25rem,1.5rem"
      >
        Store Info
      </div>
    </div>
    <div
      class="sc-bczRLJ dwQaiA"
      height="calc(var(--app-height) - 67px - 6rem)"
    >
      <div
        class="sc-bczRLJ hMLfYu"
        height="calc(var(--app-height) - 67px - 6rem)"
      >
        <div
          class="sc-bczRLJ sc-gsnTZi fIlruQ hzPtvw"
          width="100%"
        >
          <div
            class="sc-bczRLJ jITePI"
          >
            Store one
          </div>
          <div
            class="sc-bczRLJ jITePI"
          >
            Address of the store one
            , 
            Pune
          </div>
          <div
            class="sc-bczRLJ jITePI"
          >
            Maharashtra
            , 
            413523
          </div>
          <div
            class="sc-bczRLJ jITePI"
          >
            54765486458
          </div>
        </div>
        <div
          class="sc-bczRLJ sc-gsnTZi elTHjs hzPtvw"
        >
          <div
            class="sc-bczRLJ bXdFtq"
            font-family="secondary"
          >
            DCA # - Retail:
          </div>
          <div
            class="sc-bczRLJ hgNSXQ"
            font-family="secondary"
          />
        </div>
        <div
          class="sc-bczRLJ sc-gsnTZi elTHjs hzPtvw"
        >
          <div
            class="sc-bczRLJ bXdFtq"
            font-family="secondary"
          >
            DCA # - Commercial:
          </div>
          <div
            class="sc-bczRLJ hgNSXQ"
            font-family="secondary"
          />
        </div>
      </div>
    </div>
    <div
      class="sc-bczRLJ sc-gsnTZi hNbvdg hzPtvw"
      height="4rem"
    >
      <button
        class="sc-bczRLJ eSiIwW"
        font-size="3,4"
        height="3.5rem,4rem"
        width="100%,100%,100%,50%"
      >
        Close
      </button>
    </div>
  </div>
</div>
`;
